../drivers/Src/stm32f411xx_spi_driver.c:19:6:SPI_PeriClockControl	16	static
../drivers/Src/stm32f411xx_spi_driver.c:58:6:SPI_Init	24	static
../drivers/Src/stm32f411xx_spi_driver.c:102:6:SPI_DeInit	16	static
../drivers/Src/stm32f411xx_spi_driver.c:120:9:SPI_GetFlagStatus	16	static
../drivers/Src/stm32f411xx_spi_driver.c:130:6:SPI_SendData	24	static
../drivers/Src/stm32f411xx_spi_driver.c:156:6:SPI_ReceiveData	24	static
../drivers/Src/stm32f411xx_spi_driver.c:187:9:SPI_SendDataIT	32	static
../drivers/Src/stm32f411xx_spi_driver.c:207:9:SPI_ReceiveDataIT	32	static
../drivers/Src/stm32f411xx_spi_driver.c:227:6:SPI_IRQInterruptConfig	16	static
../drivers/Src/stm32f411xx_spi_driver.c:261:6:SPI_IRQPriority	24	static
../drivers/Src/stm32f411xx_spi_driver.c:270:6:SPI_IRQHandling	24	static
../drivers/Src/stm32f411xx_spi_driver.c:304:13:spi_txe_interrupt_handle	16	static
../drivers/Src/stm32f411xx_spi_driver.c:328:13:spi_rxne_interrupt_handle	16	static
../drivers/Src/stm32f411xx_spi_driver.c:353:13:spi_ovr_err_interrupt_handle	24	static
../drivers/Src/stm32f411xx_spi_driver.c:365:6:SPI_CloseTransmission	16	static
../drivers/Src/stm32f411xx_spi_driver.c:372:6:SPI_CloseReception	16	static
../drivers/Src/stm32f411xx_spi_driver.c:381:6:SPI_ClearOVRFlag	24	static
../drivers/Src/stm32f411xx_spi_driver.c:388:13:SPI_ApplicationEventCallback	16	static
../drivers/Src/stm32f411xx_spi_driver.c:398:6:SPI_Peripheralcontrol	16	static
../drivers/Src/stm32f411xx_spi_driver.c:408:6:SPI_SSIConfig	16	static
../drivers/Src/stm32f411xx_spi_driver.c:418:6:SPI_SSOEConfig	16	static
