../Src/012.i2c_slave_tx_string.c:25:6:delay	16	static
../Src/012.i2c_slave_tx_string.c:35:6:I2C1_PinsInit	24	static
../Src/012.i2c_slave_tx_string.c:63:6:I2C1_Inits	8	static
../Src/012.i2c_slave_tx_string.c:75:6:GPIO_ButtonInit	24	static
../Src/012.i2c_slave_tx_string.c:98:5:main	8	static
../Src/012.i2c_slave_tx_string.c:127:6:I2C1_EV_IRQHandler	8	static
../Src/012.i2c_slave_tx_string.c:131:6:I2C1_ER_IRQHandler	8	static
../Src/012.i2c_slave_tx_string.c:135:6:I2C_ApplicationEventCallback	24	static
